border_size=1
usage=map

Xu          , Xu          , Xu          , Xu          , Xu          , Xu          , Xu          , Xu          , Xu          , Xu          , Xu          , Wo          , Wo          , Wo          , Xu          , Xu          , Xu          , Xu          , Xu          , Xu          , Xu          , Xu          , Xu          , Xu          , Xu          , Xu          , Xu          , Xu          , Xu          , Xu          , Xu          , Xu          , Xu          , Xu          , Xu          
Xu          , Xu          , Xu          , Xu          , Xu          , Xu          , Xu          , Xu          , Xu          , Xu          , Wo          , Wo          , Wo          , Wo          , Xu          , Xu          , Xu          , Xu          , Xu          , Xu          , Xu          , Xu          , Xu          , Xu          , Xu          , Xu          , Xu          , Xu          , Xu          , Xu          , Xu          , Xu          , Xu          , Xu          , Xu          
Xu          , Xu          , Xu          , Xu          , Xu          , Xu          , Xu          , Xu          , Xu          , Xu          , Wo          , Wo          , Xu          , Xu          , Xu          , Xu          , Xu          , Xu          , Xu          , Xu          , Xu          , Xu          , Xu          , Xu          , Xu          , Xu          , Xu          , Xu          , Uu          , Uu          , Uu          , Xu          , Xu          , Xu          , Xu          
Xu          , Xu          , Xu          , Xu          , Xu          , Xu          , Xu          , Xu          , Xu          , Xu          , Wo          , Wo          , Xu          , Xu          , Xu          , Xu          , Xu          , Xu          , Xu          , Xu          , Xu          , Xu          , Xu          , Xu          , Xu          , Xu          , Xu          , Uu          , Uu          , Uu          , Uu          , Xu          , Xu          , Xu          , Xu          
Xu          , Xu          , Xu          , Xu          , Xu          , Xu          , Xu          , Xu          , Xu          , Xu          , Wo          , Wo          , Xu          , Xu          , Xu          , Xu          , Cud         , 5 Kud       , Cud         , Xu          , Xu          , Xu          , Xu          , Xu          , Xu          , Xu          , Xu          , Uh          , Re          , Re          , Re          , Uu          , Xu          , Xu          , Xu          
Xu          , Xu          , Xu          , Xu          , Rr          , Rr          , Rr          , Xu          , Wo          , Wo          , Wo          , Xu          , Xu          , Xu          , Xu          , Cud         , Uu          , Cud         , Uu          , Cud         , Xu          , Xu          , Xu          , Xu          , Xu          , Xu          , Xu          , Xu          , Re          , Re          , Uu          , Uh          , Xu          , Xu          , Xu          
Xu          , Xu          , Xu          , Xu          , Rr          , Rr          , Cud         , Xu          , Wo          , Wo          , Xu          , Xu          , Xu          , Xu          , Uh          , Cud         , Cud         , Cud         , Cud         , Cud         , Uu          , Xu          , Xu          , Xu          , Xu          , Xu          , Xu          , Xu          , Uu          , Re          , Uu          , Xu          , Uu          , Xu          , Xu          
Xu          , Xu          , Xu          , Xu          , Cud         , Cud         , Wo          , Wo          , Xu          , Wo          , Ww          , Xu          , Xu          , Uu          , Xu          , Cud         , Cud         , Uu          , Cud         , Cud         , Xu          , Uu          , Xu          , Xu          , Xu          , Xu          , Xu          , Uu^Uf       , Uh          , Uu          , Uu          , Uh          , Uu^Uf       , Xu          , Xu          
Xu          , Xu          , Xu          , Xu          , Wo          , Wo^Bw|      , Cud         , Xu          , Xu          , Xu          , Uu^Vud      , Xu          , Xu          , Uh          , Xu          , Xu          , Xu          , Uu          , Xu          , Xu          , Xu          , Uh          , Xu          , Xu          , Xu          , Xu          , Xu          , Uu^Uf       , Uu          , Uu          , Re          , Uu          , Xu          , Xu          , Xu          
Qxu         , Wo          , Wo          , Wo          , Ww          , Cud         , Rr          , Xu          , Xu          , Xu          , Uu^Uf       , Uu          , Uh          , Uu^Uf       , Uu^Uf       , Xu          , Uu          , Uu          , Uu          , Xu          , Uu          , Uu^Uf       , Uu^Uf       , Uu^Vud      , Uu^Uf       , Xu          , Xu          , Xu          , Uu          , Re          , Re          , Uh          , Uu^Vud      , Xu          , Xu          
Qxu         , Wo          , Xu          , Xu          , Ww          , Ww          , Ww          , Xu          , Xu          , Uu^Uf       , Uu          , Uh          , Uu^Vud      , Uu          , Uh          , Uu          , Rr          , Rr          , Rr          , Uu          , Uu^Uf       , Uu          , Uh          , Uu          , Uu^Vu       , Uh          , Xu          , Xu          , Uh          , Uu          , Uu^Uf       , Uu          , Uh          , Xu          , Xu          
Qxu         , Qxu         , Xu          , Xu          , Wwf         , Ww          , Wwf         , Xu          , Xu          , Uu^Vud      , Uu          , Uu          , Uu          , Uu          , Uu^Uf       , Uu          , Rr          , Xos         , Rr          , Uu          , Uu^Vud      , Uu          , Uu          , Uu          , Uh          , Ww^Uf       , Wo          , Xu          , Uu^Uf       , Uu          , Uu          , Uu          , Xu          , Xu          , Xu          
Xu          , Xu          , Xu          , Xu          , Ww^Uf       , Ww          , Wwf         , Xu          , Xu          , Xu          , Uu^Vud      , Uh          , Uu^Uf       , Uu          , Uu          , Uu          , Uu          , Rr          , Uu          , Uu          , Uu          , Uu          , Uu          , Uu^Uf       , Xu          , Xu          , Xu          , Uu^Uf       , Re          , Re          , Re          , Uu          , Uu^Uf       , Xu          , Xu          
Xu          , Uu^Vud      , Xu          , Xu          , Ww          , Ww          , Wwf         , Xu          , Xu          , Xu          , Xu          , Xu          , Xu          , Uu^Vud      , Xu          , Xu          , Uu          , Uu          , Uu          , Xu          , Xu          , Uu^Uf       , Xu          , Uu^Vud      , Xu          , Xu          , Xu          , Xu          , Uh          , Re          , Uu          , Uh          , Xu          , Xu          , Xu          
Xu          , Uu^Uf       , Uu          , Cud         , Ww          , Wwf         , Wwf         , Cud         , Rr          , Uu^Uf       , Uh          , Xu          , Xu          , Xu          , Xu          , Xu          , Rr          , Rr          , Rr          , Xu          , Xu          , Xu          , Xu          , Xu          , Uh          , Uu^Uf       , Rr          , Cud         , Re          , Uu          , Uu          , Uu^Uf       , Xu          , Xu          , Xu          
Xu          , Uu          , Uu^Uf       , Re^Uf       , Wwf         , Wwf         , Wwf         , Rr          , Uu^Uf       , Uu^Vud      , Uu          , Xu          , Qxu         , Qxu         , Rr          , Rr          , Cud         , Cud         , Cud         , Rr          , Rr          , Qxu         , Qxu         , Xu          , Uu          , Uu^Vud      , Rr          , Rr          , Re          , Uu          , Uh          , Xu          , Xu          , Xu          , Xu          
Xu          , Uu^Vud      , Xu          , Cud         , Re^Uf       , Wwf         , Wwf         , Cud         , Xu          , Rr          , Qxu^Bs|     , Xu          , Qxu         , Ur          , Rr          , Cud         , Cud         , Kud         , Cud         , Cud         , Rr          , Ur          , Qxu         , Xu          , Qxu^Bs|     , Uh          , Xu          , Cud         , Uu^Uf       , Uu          , Re          , Uu          , Uu^Uf       , Xu          , Xu          
Xu          , Xu          , Xu          , Xu          , Rr          , Ww          , Ww          , Xu          , Xu          , Qxu         , Uu          , Xu          , Uu^Vud      , Qxu^Bs|     , Xu          , Rr          , Rr          , Cud         , Rr          , Rr          , Xu          , Qxu^Bs|     , Uu^Vud      , Xu          , Uu          , Qxu         , Xu          , Xu          , Uh          , Re          , Uu^Uf       , Xu          , Uh          , Uu^Vud      , Xu          
Xu          , Xu          , Uu^Uf       , Wwf         , Rr          , Ww          , Ww          , Re^Uf       , Xu          , Qxu         , Cud         , Uu          , Uu          , Uu          , Xu          , Xu          , Rr          , Rr          , Rr          , Xu          , Xu          , Uu          , Uu          , Uu          , Cud         , Qxu         , Xu          , Xu          , Uu^Uf       , Uu          , Re          , Xu          , Xu          , Uu          , Xu          
Xu          , Xu          , Uu          , Wwf         , Wwf         , Rr          , Re^Uf       , Wwf         , Xu          , Qxu         , Cud         , 3 Kud       , Cud         , Uu          , Xu          , Xu          , Cud         , Rr          , Cud         , Xu          , Xu          , Uu          , Cud         , 4 Kud       , Cud         , Qxu         , Xu          , Uu^Vud      , Uu          , Uu          , Uh          , Xu          , Uh          , Uu^Uf       , Xu          
Xu          , Uu^Vud      , Uu          , Wwf         , Wwf         , Rr          , Wwf         , Wwf         , Xu          , Qxu         , Qxu         , Cud         , Qxu         , Qxu         , Xu          , Qxu         , Qxu         , Rr          , Qxu         , Qxu         , Xu          , Qxu         , Qxu         , Cud         , Qxu         , Qxu         , Xu          , Uu^Uf       , Uu          , Re          , Uu          , Xu          , Uu^Uf       , Xu          , Xu          
Xu          , Uh          , Uu          , Uu          , Re^Uf       , Rr          , Rr          , Xu          , Xu          , Xu          , Xu          , Qxu         , Xu          , Xu          , Qxu         , Qxu         , Qxu         , Qxu^Bs|     , Qxu         , Xu          , Xu          , Xu          , Qxu         , Qxu         , Xu          , Xu          , Xu          , Xu          , Re          , Re          , Uu^Uf       , Re          , Uu          , Xu          , Xu          
Xu          , Xu          , Uu^Vud      , Uu^Uf       , Rr          , Rr          , Rr          , Xu          , Rr          , Xu          , Xu          , Xu          , Xu          , Xu          , Qxu         , Qxu         , Cud         , Rr          , Cud         , Qxu         , Qxu         , Xu          , Xu          , Xu          , Xu          , Uu^Uf       , Uu          , Uu^Uf       , Re          , Uu          , Uu^Uf       , Uu          , Xu          , Xu          , Xu          
Xu          , Xu          , Xu          , Xu          , Xu          , Rr          , Rr          , Rr          , Rr          , Rr          , Rr          , Xu          , Xu          , Xu          , Xu          , Xu          , Rr          , Rr          , Rr          , Xu          , Xu          , Xu          , Xu          , Xu          , Uu          , Uh          , Re          , Re          , Re          , Uu          , Xu          , Xu          , Xu          , Xu          , Xu          
Xu          , Xu          , Xu          , Xu          , Xu          , Rr          , Rr          , Rr          , Rr          , Rr          , Rr          , Rr          , Rr          , Xu          , Xu          , Xu          , Rr          , Rr          , Rr          , Xu          , Xu          , Xu          , Uu          , Uu^Uf       , Uu          , Re          , Re          , Uu          , Xu          , Re          , Re          , Uu^Uf       , Xu          , Xu          , Xu          
Xu          , Xu          , Xu          , Xu          , Uh          , Rr          , Xu          , Xu          , Xu          , Rr          , Rr          , Rr          , Rr          , Cud         , Rr          , Cud         , Rr          , Rr          , Rr          , Cud         , Uu          , Uu          , Re          , Uu          , Uh          , Uu          , Uu^Uf       , Xu          , Uh          , Re          , Rr          , Uh          , Xu          , Xu          , Xu          
Xu          , Xu          , Uu^Uf       , Uu^Vud      , Uu          , Ur          , Uh          , Xu          , Xu          , Xu          , Rr          , Rr          , Rr          , Rr          , Rr          , Rr          , Rr          , Rr          , Rr          , Rr          , Uu          , Re          , Uu^Uf       , Uu          , Xu          , Uu^Vud      , Xu          , Xu          , Xu          , Uh          , Rr          , Uu          , Uu^Vud      , Xu          , Xu          
Xu          , Xu          , Uu          , Uh          , Uu^Uf       , Ur          , Uu^Vud      , Uu^Uf       , Ur          , Rr          , Xu          , Xu          , Xu          , Cud         , Xu          , Cud         , Rr          , Rr          , Rr          , Cud         , Xu          , Uh          , Xu          , Xu          , Xu          , Xu          , Xu          , Xu          , Uu^Vud      , Uu^Uf       , Rr          , Uu          , Uu^Uf       , Xu          , Xu          
Xu          , Xu          , Uu^Vud      , Uu          , Uh          , Ur          , Ur          , Uh          , Uu          , Uu          , Uu^Uf       , Xu          , Xu          , Xu          , Xu          , Xu          , Cud         , Rr          , Cud         , Xu          , Xu          , Xu          , Xu          , Xu          , Xu          , Xu          , Xu          , Xu          , Uh          , Uu          , Rr          , Uu          , Xu          , Xu          , Xu          
Xu          , Xu          , Cud         , Uu^Uf       , Cud         , Uu          , Uu^Uf       , Uu          , Uu^Vud      , Uu          , Uu          , Uu^Vud      , Xu          , Xu          , Cud         , Cud         , Kud         , Rr          , Kud         , Cud         , Cud         , Xu          , Xu          , Xu          , Xu          , Xu          , Xu          , Xu          , Xu          , Uu          , Rr          , Uu^Uf       , Cud         , Xu          , Xu          
Xu          , Xu          , Xu          , Cud         , 6 Kud       , Cud         , Uu          , Uu          , Uu^Uf       , Uu          , Uh          , Xu          , Xu          , Xu          , Xu          , Cud         , Rr          , Rr          , Rr          , Cud         , Xu          , Xu          , Xu          , Xu          , Xu          , Xu          , Xu          , Uh          , Uu          , Uu^Uf       , Uu          , Uu          , Cud         , Xu          , Xu          
Xu          , Xu          , Xu          , Cud         , Xu          , Cud         , Uu^Vud      , Uh          , Xu          , Uu^Vud      , Xu          , Xu          , Xu          , Xu          , Xu          , Xu          , Uu^Ii       , Rr          , Uu^Ii       , Xu          , Xu          , Xu          , Xu          , Xu          , Xu          , Xu          , Xu          , Uu^Vud      , Uu^Uf       , Uu          , Cud         , 7 Kud       , Cud         , Xu          , Xu          
Xu          , Xu          , Xu          , Xu          , Xu          , Xu          , Xu          , Xu          , Xu          , Xu          , Xu          , Xu          , Xu          , Xu          , Xu          , Xu          , 1 Uu^Ii     , Uu^Ii       , 2 Uu^Ii     , Xu          , Xu          , Xu          , Xu          , Xu          , Xu          , Xu          , Xu          , Xu          , Uh          , Uh          , Cud         , Cud         , Xu          , Xu          , Xu          
Xu          , Xu          , Xu          , Xu          , Xu          , Xu          , Xu          , Xu          , Xu          , Xu          , Xu          , Xu          , Xu          , Xu          , Xu          , Xu          , Xu          , Uu^Ii       , Xu          , Xu          , Xu          , Xu          , Xu          , Xu          , Xu          , Xu          , Xu          , Xu          , Xu          , Xu          , Xu          , Xu          , Xu          , Xu          , Xu          
Xu          , Xu          , Xu          , Xu          , Xu          , Xu          , Xu          , Xu          , Xu          , Xu          , Xu          , Xu          , Xu          , Xu          , Xu          , Xu          , Xu          , Xu          , Xu          , Xu          , Xu          , Xu          , Xu          , Xu          , Xu          , Xu          , Xu          , Xu          , Xu          , Xu          , Xu          , Xu          , Xu          , Xu          , Xu          
