Wot, Wot, Wot, Wot, Wot, Wot, Wot, Wot, Wot, Wot, Wot, Wot, Wot, Wot, Wot, Wot, Wot, Wot, Wot, Wot, Wot, Wot, Wot, Wot, Wot, Wot, Wot, Wot, Wot, Wot, Wot, Wot, Wot, Wot, Wot
Wot, Wot, Wot, Wot, Wot, Wot, Wot, Wot, Wot, Wot, Wot, Wot, Wot, Wot, Wot, Wot, Wot, Wot, Wot, Wot, Wot, Wot, Wot, Wot, Wot, Wot, Wot, Wot, Wot, Wot, Wot, Wot, Wot, Wot, Wot
Wot, Wot, Wot, Wot, Wot, Wot, Wot, Wot, Wot, Wot, Wot, Wot, Wot, Wot, Wot, Wot, Wot, Wot, Wot, Wot, Wwt, Wot, Wwrt, Wot, Wot, Wot, Wot, Wot, Wot, Wot, Wot, Wot, Wot, Wot, Wot
Wot, Wot, Wot, Wot, Wot, Wot, Wot, Wot, Wot, Wot, Wot, Wwt^Vm, Wwt, Wot, Wot, Wot, Wot, Wot, Wot, Wot, Wot, Wwt, Wwt, Wwrt, Wwt^Vm, Wwt, Wwt, Wot, Wot, Wot, Wot, Wot, Wot, Wot, Wot
Wot, Wot, Wot, Wot, Wot, Wot, Wot, Wot, Wot, Wot, Wwrt, Wwt, Wot, Wot, Wot, Wot, Wot, Wot, Wot, Wot, Wot, Wot, Wot, Wot, Wot, Wwrt, Wot, Wwt, Wot, Wot, Wot, Wot, Wot, Wot, Wot
Wwt, Wot, Wwrt, Wwt, Wot, Wot, Wot, Wot, Wot, Wwrt, Wwt, Wwt, Wot, Wot, Wot, Wot, Wot, Wot, Wot, Wot, Wot, Wot, Wot, Wot, Wot, Wot, Wot, Wot, Wot, Wot, Wot, Wot, Wot, Wot, Wwt
Wwt, Wwt, Wwt, Wwrt, Wot, Wot, Wot, Wot, Wwrt, Wwt, Wwt, Wot, Wot, Wot, Wwt, Wot, Wwt, Wwt, Wwt, Wot, Wot, Wot, Wot, Wot, Wot, Wot, Wot, Wot, Wot, Wot, Wot, Wot, Wot, Wwt, Wwt
Xu, Wwt, Wwt, Wwt, Wot, Wot, Wwt, Wwt, Wwt, Wwt, Wot, Wot, Wot, Wwt, Wwt, Wwt, Ds, Ds, Ds, Wwt, Wwt, Wot, Wwrt, Wot, Wot, Wot, Wot, Wot, Wot, Wot, Wot, Wwrt, Wwt, Wwrt, Xu
Xu, Cud, Cdr, Wwrt, Wwrt, Wot, Wot, Wot, Wot, Wot, Wot, Wot, Wwt, Wwt, Ds, Ds, Gs, Rr, Gs, Ds, Ds, Wwt, Wwt, Wwt, Wot, Wot, Wot, Wot, Wot, Wot, Wwrt, Wwrt, Cdr, Cud, Xu
Xue, Cud, Xue, Cud, Xue, Wot, Wot, Wot, Wot, Wot, Wwt, Wwt, Ds, Ds, Gs, Gs, Gs^Efm, Rr, Gs, Gs, Gs, Ds, Ds, Wwt, Wwt, Wot, Wot, Wot, Wot, Wot, Xue, Cud, Xue, Cud, Xue
Xue, Xue, Xue, Xue, Xue, Xue, Wot, Xue, Xue, Wwrt, Ds, Ds, Gs, Hh, Hh^Fds, Gs, Gs, Rr, Gs^Efm, Gs, Hh^Fds, Hh, Gs^Efm, Ds, Ds, Wwt, Xue, Xue, Wot, Xue, Xue, Xue, Xue, Xue, Xue
Xue, Xue, Xue, Xue, Xue, Xue, Wot, Xue, Xue, Xue, Xue, Gs^Efm, Gs, Gs^Fds, Gs, Gs, Rr, Rr, Rr, Gs, Gs, Gs^Fds, Gs, Gs, Xue, Xue, Xue, Xue, Wot, Xue, Xue, Xue, Xue, Xue, Xue
Xue, Xue, Xue, Xue, Xue, Xue, Wot, Xue, Xue, Xue, Xue, Gs, Hh^Fds, Gs, Gs, Hh, Rr, Hh^Fds, Rr, Hh, Gs, Gs, Hh^Fds, Gs, Xue, Xue, Xue, Xue, Wot, Xue, Xue, Xue, Xue, Xue, Xue
Xue, Xue, Xue, Xue, Xue, Xue, Wot, Wot, Wwt, Xue, Xue, Gs^Fms, Mm, Gs, Rr, Rr, Ss, Hh, Ss, Rr, Rr, Gs^Efm, Mm, Gs^Fms, Xue, Xue, Wwt, Wot, Wot, Xue, Xue, Xue, Xue, Xue, Xue
Xue, Xue, Xue, Xue, Xue, Xue, Xue, Wwt, Ss, Wwt, Wwf, Hh, Gs, Rr, Gs^Efm, Hh, Hh^Fds, Mm, Hh^Fds, Hh, Gs, Rr, Gs, Hh, Wwf, Wwt, Ss, Wwt, Xue, Xue, Xue, Xue, Xue, Xue, Xue
Xue, Xue, Xue, Xue, Xue, Xue, Xue, Xue, Xue, Ss, Wwt, Gs, Gs^Fms, Rr, Wwt, Ss, Mm^Xm, Xue, Mm^Xm, Ss, Wwt, Rr, Gs^Fms, Gs, Wwt, Ss, Xue, Xue, Xue, Xue, Xue, Xue, Xue, Xue, Xue
Xue, Xue, Xue, Xue, Xue, Xue, Xue, Xue, Xue, Xue, Hh, Wwt, Wwt, Wwt^Bw|, Gs^Fp, Mm^Xm, Xue, Xue, Xue, Mm^Xm, Gs^Fp, Wwt^Bw|, Wwt, Wwt, Hh, Xue, Xue, Xue, Xue, Xue, Xue, Xue, Xue, Xue, Xue
Xue, Xue, Xue, Xue, Xue, Xue, Xue, Xue, Xue, Xue, Hh^Fmf, Wwf, Gs, Re, Hh, Mm^Xm, Xue, Xue, Xue, Mm^Xm, Hh, Re, Gs^Efm, Wwf, Hh^Fmf, Xue, Xue, Xue, Xue, Xue, Xue, Xue, Xue, Xue, Xue
Xue, Xue, Xue, Xue, Xue, Xue, Xue, Xue, Xue, Xue, Mm, Wwf, Re, Re, Mm, Xue, Xue, Xue, Xue, Xue, Mm, Re, Re, Wwf, Mm, Xue, Xue, Xue, Xue, Xue, Xue, Xue, Xue, Xue, Xue
Xue, Xue, Xue, Xue, Xue, Xue, Xue, Xue, Gs, Hh, Wwf, Wwf, Re, Gs^Efm, Hh^Fdf, Xue, Xue, Xue, Xue, Xue, Hh^Fdf, Gs^Efm, Re, Wwf, Wwf, Hh, Gs, Xue, Xue, Xue, Xue, Xue, Xue, Xue, Xue
Xue, Xue, Xue, Xue, Xue, Xue, Xue, Hh^Fmf, Wwf, Wwf, Gs^Vh, Gs^Efm, Re, Ss, Xue, Xue, Xue, Xue, Xue, Xue, Xue, Ss, Re, Gs, Gs^Ve, Wwf, Wwf, Hh^Fmf, Xue, Xue, Xue, Xue, Xue, Xue, Xue
Xue, Xue, Xue, Xue, Xue, Xue, Xue, Wwf, Ss, Gs, Re, Re, Xue, Xue, Xue, Xue, Xue, Xue, Xue, Xue, Xue, Xue, Xue, Re, Re, Gs, Ss, Wwf, Xue, Xue, Xue, Xue, Xue, Xue, Xue
Xue, Xue, Xue, Xue, Xue, Xue, Xue, Wwf, Hh, Re, Gs, Gs^Efm, Xue, Xue, Xue, Xue, Xue, Xue, Xue, Xue, Xue, Xue, Xue, Gs^Efm, Gs^Efm, Re, Hh, Wwf, Xue, Xue, Xue, Xue, Xue, Xue, Xue
Xue, Xue, Xue, Xue, Xue, Xue, Wwf, Wwf, Gs, Re, Mm, Gs, Xue, Xue, Xue, Xue, Xue, Xue, Xue, Xue, Xue, Xue, Xue, Gs, Mm, Re, Gs, Wwf, Wwf, Xue, Xue, Xue, Xue, Xue, Xue
Xue, Xue, Xue, Xue, Hh^Fp, Gs^Efm, Wwf, Gs^Efm, Re, Re, Hh, Hh^Fmf, Xue, Xue, Xue, Xue, Xue, Xue, Xue, Xue, Xue, Xue, Xue, Hh^Fmf, Hh, Re, Re, Gs, Wwf, Gs^Efm, Hh^Fp, Xue, Xue, Xue, Xue
Xue, Xue, Wwf, Mm, Hh, Gs, Wwg^Bw/, Re, Gs, Ss, Xue, Xue, Xue, Xue, Xue, Xue, Xue, Xue, Xue, Xue, Xue, Xue, Xue, Xue, Xue, Ss, Gs, Re, Wwg^Bw\, Gs^Efm, Hh, Mm, Wwf, Xue, Xue
Xue, Xue, Ss, Wwf, Re, Re, Wwf, Wwg, Xue, Xue, Xue, Xue, Xue, Xue, Xue, Xue, Xue, Xue, Xue, Xue, Xue, Xue, Xue, Xue, Xue, Xue, Xue, Wwg, Wwf, Re, Re, Wwf, Ss, Xue, Xue
Xue, Xue, Hh, Re, Ss, Wwf, Wwf, Xue, Xue, Xue, Xue, Xue, Xue, Xue, Xue, Xue, Xue, Xue, Xue, Xue, Xue, Xue, Xue, Xue, Xue, Xue, Xue, Xue, Wwf, Wwf, Ss, Re, Hh, Xue, Xue
Xue, Xue, Mm, Re, Gs^Fp, Mm, Wwf, Xue, Xue, Xue, Xue, Xue, Xue, Xue, Xue, Xue, Xue, Xue, Xue, Xue, Xue, Xue, Xue, Xue, Xue, Xue, Xue, Xue, Wwf, Mm, Gs^Fp, Re, Mm, Xue, Xue
Xue, Xue, Gs^Fp, Re, Re, Hh^Fp, Gs, Ss, Re, Xue, Gs^Efm, Mm, Hh^Fp, Xue, Xue, Xue, Xol, Xue, Xol, Xue, Xue, Xue, Hh^Fp, Mm, Gs, Xue, Re, Ss, Gs, Hh^Fp, Re, Re, Gs^Fp, Xue, Xue
Xue, Xue, Xue, Gs, Hh, Re, Re, Re, Gs, Re, Re, Hh, Gs^Fp, Ss, Ce, Xol, Xol, Xol, Xol, Xol, Ce, Ss, Gs^Fp, Hh, Re, Re, Gs, Re, Re, Re, Hh, Gs, Xue, Xue, Xue
Xue, Xue, Xue, Xue, Xue, Gs, Gs^Fp, Ss, Wwf, Hh, Re, Re, Re, Gs, Re, Ke, Xol, Xol, Xol, Ke, Re, Gs^Efm, Re, Re, Re, Hh, Wwf, Ss, Gs^Fp, Gs^Efm, Xue, Xue, Xue, Xue, Xue
Xue, Xue, Xue, Xue, Xue, Xue, Xue, Hh^Fp, Mm, Wwg, Wwg^Bw|, Gs, Wwg, Re, Wwf, Ce, Xol, Xol, Xol, Ce, Wwf, Re, Wwg, Gs, Wwg^Bw|, Wwg, Mm, Hh^Fp, Xue, Xue, Xue, Xue, Xue, Xue, Xue
Xue, Xue, Xue, Xue, Xue, Xue, Xue, Xue, Xue, Wwg, Re, Wwg, Ss, Wwf, Wwf, Ce, Xol, Xol, Xol, Ce, Wwf, Wwf, Ss, Wwg, Re, Wwg, Xue, Xue, Xue, Xue, Xue, Xue, Xue, Xue, Xue
Xue, Xue, Xue, Xue, Xue, Xue, Xue, Xue, Xue, Wwg, Re, Gs, Gs, Hh, Wwf, Xol, Xos, Xos, Xos, Xol, Wwf, Hh, Gs, Gs, Re, Wwg, Xue, Xue, Xue, Xue, Xue, Xue, Xue, Xue, Xue
Xue, Xue, Xue, Xue, Xue, Xue, Xue, Xue, Wwf, Wwf, Re, Hh, Gs, Gs^Efm, Ss, Xol, Xos, Xos, Xos, Xol, Ss, Gs, Gs, Hh, Re, Wwf, Wwf, Xue, Xue, Xue, Xue, Xue, Xue, Xue, Xue
Xue, Xue, Xue, Xue, Xue, Xue, Hh, Hh^Fp, Wwg^Bw/, Re, Gs, Gs, Gs^Fp, Gs, Xue, Xue, Xue, Xue, Xue, Xue, Xue, Gs, Gs^Fp, Gs, Gs, Re, Wwg^Bw\, Hh^Fp, Hh, Xue, Xue, Xue, Xue, Xue, Xue
Xue, Xue, Xue, Xue, Xue, Xue, Re, Re, Wwf, Gs, Hh, Hh^Fp, Xue, Xue, Xue, Xue, Xue, Xue, Xue, Xue, Xue, Xue, Xue, Hh^Fp, Hh, Gs^Efm, Wwf, Re, Re, Xue, Xue, Xue, Xue, Xue, Xue
Xue, Xue, Xue, Xue, Xue, Xue, Re, Gs^Vc, Gs^Efm, Wwf, Wwf, Xue, Xue, Xue, Xue, Xue, Xue, Xue, Xue, Xue, Xue, Xue, Xue, Xue, Wwf, Wwf, Gs, Gs^Vc, Re, Xue, Xue, Xue, Xue, Xue, Xue
Xue, Xue, Xue, Xue, Xue, Xue, Re, Gs, Mm, Hh^Fms, Wwf, Xue, Xue, Xue, Xue, Xue, Xue, Xue, Xue, Xue, Xue, Xue, Xue, Xue, Wwf, Hh^Fms, Mm, Gs, Re, Xue, Xue, Xue, Xue, Xue, Xue
Xue, Xue, Xue, Xue, Xue, Xue, Gs, Re, Ss, Gs^Fms, Wwf, Xue, Xue, Xue, Xue, Xue, Xue, Xue, Xue, Xue, Xue, Xue, Xue, Xue, Wwf, Gs^Fms, Ss, Re, Gs, Xue, Xue, Xue, Xue, Xue, Xue
Xue, Xue, Xue, Xue, Xue, Xue, Hh^Fms, Re, Wwf, Wwf, Hh, Xue, Xue, Xue, Xue, Xue, Xue, Xue, Xue, Xue, Xue, Xue, Xue, Xue, Hh, Wwf, Wwf, Re, Hh^Fms, Xue, Xue, Xue, Xue, Xue, Xue
Xue, Xue, Xue, Xue, Gs, Gs^Fms, Wwf, Wwg^Bw|, Gs, Gs^Efm, Hh, Xue, Xue, Xue, Xue, Xue, Xue, Xue, Xue, Xue, Xue, Xue, Xue, Xue, Hh, Gs, Gs, Wwg^Bw|, Wwf, Gs^Fms, Gs^Efm, Xue, Xue, Xue, Xue
Xue, Xue, Xue, Gs, Gs^Efm, Wwf, Re, Re, Hh^Fms, Mm, Xue, Xue, Xue, Xue, Xue, Xue, Xue, Xue, Xue, Xue, Xue, Xue, Xue, Xue, Xue, Mm, Hh^Fms, Re, Re, Wwf, Gs, Gs, Xue, Xue, Xue
Xue, Xue, Xue, Gs^Fms, Wwf, Wwf, Re, Gs, Xue, Xue, Xue, Xue, Xue, Xue, Xue, Xue, Xue, Xue, Xue, Xue, Xue, Xue, Xue, Xue, Xue, Xue, Xue, Gs, Re, Wwf, Wwf, Gs^Fms, Xue, Xue, Xue
Xue, Xue, Xue, Hh^Fms, Wwf, Wwf, Wwg^Bw|, Gs^Fms, Xue, Xue, Xue, Xue, Xue, Xue, Xue, Xue, Xue, Xue, Xue, Xue, Xue, Xue, Xue, Xue, Xue, Xue, Xue, Gs^Fms, Wwg^Bw|, Wwf, Wwf, Hh^Fms, Xue, Xue, Xue
Xue, Xue, Xue, Hh, Wwf, Ss, Re, Wwf, Wwf, Xue, Uh, Xue, Xue, Xue, Xue, Xue, Xue, Xue, Xue, Xue, Xue, Xue, Xue, Xue, Uu, Xue, Wwf, Wwf, Re, Ss, Wwf, Hh, Xue, Xue, Xue
Xue, Xue, Xue, Wwf, Gs, Gs, Re, Hh, Gs, Ss, Uu, Wwg, Wwf, Wwf, Uu^Ii, Xue, Xue, Xue, Xue, Xue, Uu^Ii, Wwg, Wwf, Wwf, Uh, Ss, Gs, Hh, Re, Gs, Gs, Wwf, Xue, Xue, Xue
Xue, Xue, Xue, Wwf, Hh, Gs, Re, Gs^Efm, Xue, Xue, Xue, Wwf, Xue, Wwg, Xue, Xue, Xue, Xue, Xue, Xue, Xue, Wwf, Xue, Wwg, Xue, Xue, Xue, Gs^Efm, Re, Gs, Hh, Wwf, Xue, Xue, Xue
Xue, Xue, Xue, Wwf, Mm, Hh, Re, Gs, Xue, Xue, Xue, Xue, Xue, Xue, Xue, Xue, Xue, Xue, Xue, Xue, Xue, Xue, Xue, Xue, Xue, Xue, Xue, Gs, Re, Hh, Mm, Wwf, Xue, Xue, Xue
Xue, Xue, Xue, Wwf, Wwf, Gs, Re, Hh, Xue, Xue, Xue, Xue, Xue, Xue, Xue, Xue, Xue, Xue, Xue, Xue, Xue, Xue, Xue, Xue, Xue, Xue, Xue, Hh, Re, Gs^Efm, Wwf, Wwf, Xue, Xue, Xue
Xue, Xue, Xue, Hh, Wwf, Ss, Re, Mm, Hh^Fds, Xue, Xue, Xue, Xue, Xue, Xue, Xue, Xue, Xue, Xue, Xue, Xue, Xue, Xue, Xue, Xue, Xue, Hh^Fds, Mm, Re, Ss, Wwf, Hh, Xue, Xue, Xue
Xue, Xue, Xue, Hh^Fds, Wwf, Hh, Gs, Re, Re, Gs^Ve, Gs, Xue, Xue, Xue, Xue, Xue, Xue, Xue, Xue, Xue, Xue, Xue, Xue, Xue, Gs^Efm, Gs^Vh, Re, Re, Gs, Hh, Wwf, Hh^Fds, Xue, Xue, Xue
Xue, Xue, Xue, Xue, Xue, Wwf, Wwf, Gs^Efm, Hh, Re, Ss, Hh, Mm, Xue, Xue, Xue, Xue, Xue, Xue, Xue, Xue, Xue, Mm, Hh, Ss, Re, Hh, Gs, Wwf, Wwf, Xue, Xue, Xue, Xue, Xue
Xue, Xue, Xue, Xue, Xue, Xue, Xue, Wwf, Wwf, Re, Re, Gs^Fms, Hh, Xue, Xue, Xue, Xue, Xue, Xue, Xue, Xue, Xue, Hh, Gs^Fms, Re, Re, Wwf, Wwf, Xue, Xue, Xue, Xue, Xue, Xue, Xue
Xue, Xue, Xue, Xue, Xue, Xue, Xue, Xue, Mm, Wwf, Hh^Fds, Re, Re, Xue, Xue, Xue, Xue, Xue, Xue, Xue, Xue, Xue, Re, Re, Hh^Fds, Wwf, Mm, Xue, Xue, Xue, Xue, Xue, Xue, Xue, Xue
Xue, Xue, Xue, Xue, Xue, Xue, Xue, Xue, Gs^Fds, Wwf, Hh, Gs, Re, Xue, Xue, Xue, Xue, Xue, Xue, Xue, Xue, Xue, Re, Gs, Hh, Wwf, Gs^Fds, Xue, Xue, Xue, Xue, Xue, Xue, Xue, Xue
Xue, Xue, Xue, Xue, Xue, Xue, Xue, Xue, Hh, Wwf, Wwf, Re, Hh, Xue, Xue, Xue, Xue, Xue, Xue, Xue, Xue, Xue, Hh, Re, Wwf, Wwf, Hh, Xue, Xue, Xue, Xue, Xue, Xue, Xue, Xue
Xue, Xue, Xue, Xue, Xue, Xue, Xue, Xue, Mm, Gs, Gs, Wwg^Bw|, Wwf, Hh, Gs, Xue, Xue, Xue, Xue, Xue, Gs, Hh, Wwf, Wwf^Bw|, Gs, Gs^Efm, Mm, Xue, Xue, Xue, Xue, Xue, Xue, Xue, Xue
Xue, Xue, Xue, Xue, Xue, Xue, Xue, Xue, Xue, Hh^Fds, Ss, Re, Gs^Fms, Wwf, Hh^Fms, Hh, Xue, Xue, Xue, Hh, Hh^Fms, Wwf, Gs^Fms, Re, Ss, Hh^Fds, Xue, Xue, Xue, Xue, Xue, Xue, Xue, Xue, Xue
Xue, Xue, Xue, Xue, Xue, Xue, Xue, Xue, Xue, Xue, Xue, Re, Gs^Efm, Wwf, Wwf, Mm, Mm^Xm, Xue, Mm^Xm, Mm, Wwf, Wwf, Gs^Efm, Re, Xue, Xue, Xue, Xue, Xue, Xue, Xue, Xue, Xue, Xue, Xue
Xue, Xue, Xue, Xue, Xue, Xue, Xue, Xue, Xue, Xue, Xue, Re, Re, Gs, Wwf, Gs^Fms, Xue, Mm^Xm, Xue, Gs^Fds, Wwf, Gs, Re, Re, Xue, Xue, Xue, Xue, Xue, Xue, Xue, Xue, Xue, Xue, Xue
Xue, Xue, Xue, Xue, Xue, Xue, Xue, Xue, Xue, Xue, Hh^Fds, Gs^Fds, Re, Wwf, Gs, Hh, Mm^Xm, Mm^Xm, Mm^Xm, Hh, Gs, Wwf, Re, Gs^Fds, Hh^Fds, Xue, Xue, Xue, Xue, Xue, Xue, Xue, Xue, Xue, Xue
Xue, Xue, Xue, Xue, Xue, Xue, Xue, Xue, Gs, Hh, Ss, Hh, Re, Wwf, Hh, Mm, Xue, Xue, Xue, Mm, Hh, Wwf, Re, Hh, Ss, Hh, Gs, Xue, Xue, Xue, Xue, Xue, Xue, Xue, Xue
Xue, Xue, Xue, Xue, Xue, Xue, Xue, Gs^Vh, Gs, Gs, Re, Re, Wwf, Wwf, Xue, Xue, Xue, Xue, Xue, Xue, Xue, Wwf, Wwf, Re, Re, Gs, Gs, Gs^Ve, Xue, Xue, Xue, Xue, Xue, Xue, Xue
Xue, Xue, Xue, Xue, Xue, Xue, Xue, Hh, Gs, Gs^Efm, Wwg^Bw|, Wwf, Xue, Xue, Xue, Xue, Xue, Xue, Xue, Xue, Xue, Xue, Xue, Wwf, Wwg^Bw|, Gs^Efm, Gs, Hh, Xue, Xue, Xue, Xue, Xue, Xue, Xue
Xue, Xue, Xue, Xue, Xue, Xue, Xue, Mm, Gs^Fms, Wwf, Re, Gs^Fds, Xue, Xue, Xue, Xue, Xue, Xue, Xue, Xue, Xue, Xue, Xue, Gs^Fds, Re, Wwf, Gs^Fms, Mm, Xue, Xue, Xue, Xue, Xue, Xue, Xue
Xue, Xue, Xue, Xue, Xue, Xue, Xue, Hh^Fds, Wwf, Wwf, Re, Hh, Xue, Xue, Xue, Xue, Xue, Xue, Xue, Xue, Xue, Xue, Xue, Hh, Re, Wwf, Wwf, Hh^Fds, Xue, Xue, Xue, Xue, Xue, Xue, Xue
Xue, Xue, Xue, Xue, Xue, Xue, Gs^Fms, Ss, Gs, Gs, Re, Ss, Mm, Xue, Xue, Xue, Xue, Xue, Xue, Xue, Xue, Xue, Mm, Ss, Re, Gs, Gs^Efm, Ss, Gs^Fms, Xue, Xue, Xue, Xue, Xue, Xue
Xue, Xue, Xue, Xue, Xue, Xue, Hh, Wwf, Gs, Re, Gs^Efm, Hh, Hh^Fds, Xue, Xue, Xue, Xue, Xue, Xue, Xue, Xue, Xue, Hh^Fds, Hh, Gs, Re, Gs, Wwf, Hh, Xue, Xue, Xue, Xue, Xue, Xue
Xue, Xue, Xue, Xue, Xue, Mm, Ss, Wwf, Gs, Re, Gs, Wwf, Wwf, Gs^Fms, Xue, Xue, Xue, Xue, Xue, Xue, Xue, Gs^Fms, Wwf, Wwf, Gs^Efm, Re, Gs, Wwf, Ss, Mm, Xue, Xue, Xue, Xue, Xue
Xue, Xue, Xue, Xue, Xue, Gs^Fms, Hh, Gs^Efm, Gs, Re, Gs, Gs, Wwf, Hh^Vc, Hh^Fp, Xue, Xue, Xue, Xue, Xue, Hh^Fp, Hh^Vc, Wwf, Gs, Gs, Re, Gs, Gs, Hh, Gs^Fms, Xue, Xue, Xue, Xue, Xue
Xue, Xue, 1 Xue, Xue, Xue, Gs^Fms, Ce, Gs, Ce, 2 Ket, Ce, Gs, Ce, Hh, Xue, Xue, Xue, Xue, Xue, Xue, Xue, Hh, Ce, Gs, Ce, 3 Ket, Ce, Gs, Ce, Gs^Fms, Xue, Xue, 4 Xue, Xue, Xue
Xue, Xue, Xue, Xue, Xue, Xue, Xue, Ce, Xue, Ce, Xue, Ce, Xue, Xue, Xue, Xue, Xue, Xue, Xue, Xue, Xue, Xue, Xue, Ce, Xue, Ce, Xue, Ce, Xue, Xue, Xue, Xue, Xue, Xue, Xue
Xue, Xue, Xue, Xue, Xue, Xue, Xue, Xue, Xue, Xue, Xue, Xue, Xue, Xue, Xue, Xue, Xue, Xue, Xue, Xue, Xue, Xue, Xue, Xue, Xue, Xue, Xue, Xue, Xue, Xue, Xue, Xue, Xue, Xue, Xue
