Xuc, Xuc, Xuc, Xuc, Xuc, Xuc, Xuc, Xuc, Xuc, Xuc, Xuc, Xuc, Xuc, Xuc, Xuc, Xuc, Xuc, Xuc, Xuc, Xuc, Xuc, Xuc, Xuc, Xuc, Xuc, Xuc, Xuc, Xuc, Xuc, Xuc, Xuc, Xuc, Xuc, Xuc, Xuc, Xuc, Xuc, Xuc, Xuc, Xuc, Xuc, Xuc, Xuc
Xuc, Xuc, Xuc, Xuc, Xuc, Xuc, Xuc, Xuc, Xuc, Xuc, Xuc, Xuc, Xuc, Xuc, Xuc, Xuc, Xuc, Xuc, Xuc, Xuc, Xuc, Xuc, Xuc, Xuc, Xuc, Xuc, Xuc, Xuc, Xuc, Xuc, Xuc, Xuc, Xuc, Xuc, Xuc, Xuc, Xuc, Xuc, Xuc, Xuc, Xuc, Xuc, Xuc
Xuc, Xuc, Xuc, Xuc, Xuc, Xuc, Xuc, Xuc, Xuc, Xuc, Xuc, Xuc, Xuc, Xuc, Xuc, Xuc, Xuc, Xuc, Xuc, Xuc, Xuc, Xuc, Xuc, Xuc, Xuc, Xuc, Xuc, Xuc, Xuc, Xuc, Xuc, Xuc, Xuc, Xuc, Xuc, Xuc, Xuc, Xuc, Xuc, Xuc, Xuc, Xuc, Xuc
Xuc, Xuc, Xuc, Xuc, Xuc, Xuc, Xuc, Xuc, Xuc, Xuc, Xuc, Xuc, Xuc, Xuc, Xuc, Xuc, Xuc, Xuc, Xuc, Xuc, Xuc, Xuc, Xuc, Xuc, Xuc, Xuc, Xuc, Xuc, Xuc, Xuc, Xuc, Xuc, Xuc, Xuc, Xuc, Xuc, Xuc, Xuc, Xuc, Xuc, Xuc, Xuc, Xuc
Xuc, Xuc, Xuc, Xuc, Xuc, Xuc, Xuc, Xuc, Xuc, Xuc, Xuc, Xuc, Xuc, Xuc, Xuc, Xuc, Xuc, Xuc, Xuc, Xuc, Xuc, Xuc, Xuc, Xuc, Xuc, Xuc, Xuc, Xuc, Xuc, Xuc, Xuc, Xuc, Xuc, Xuc, Xuc, Xuc, Xuc, Xuc, Xuc, Xuc, Xuc, Xuc, Xuc
Xuc, Xuc, Xuc, Xuc, Xuc, Xuc, Xuc, Xuc, Xuc, Xuc, Xuc, Xuc, Xuc, Xuc, Xuc, Xuc, Xuc, Xuc, Xuc, Xuc, Co, Gs, Co, Xuc, Xuc, Xuc, Xuc, Xuc, Xuc, Xuc, Xuc, Xuc, Xuc, Xuc, Xuc, Xuc, Xuc, Xuc, Xuc, Xuc, Xuc, Xuc, Xuc
Xuc, Xuc, Xuc, Xuc, Xuc, Xuc, Xuc, Xuc, Xuc, Xuc, Xuc, Xuc, Xuc, Xuc, Xuc, Xuc, Xuc, Xuc, Xuc, Xuc, Ds^Vo, Co, Ds^Vo, Xuc, Xuc, Xuc, Xuc, Xuc, Xuc, Xuc, Xuc, Xuc, Xuc, Xuc, Xuc, Xuc, Xuc, Xuc, Xuc, Xuc, Xuc, Xuc, Xuc
Xuc, Xuc, Xuc, Xuc, Xuc, Xuc, Xuc, Xuc, Xuc, Xuc, Xuc, Xuc, Xuc, Xuc, Xuc, Xuc, Xuc, Xuc, Xuc, Gs^Fds, Ss^Bw/, 6 Ko, Ss^Bw\, Gs^Fds, Xuc, Xuc, Xuc, Xuc, Xuc, Xuc, Xuc, Xuc, Xuc, Xuc, Xuc, Xuc, Xuc, Xuc, Xuc, Xuc, Xuc, Xuc, Xuc
Xuc, Xuc, Xuc, Xuc, Xuc, Xuc, Xuc, Xuc, Xuc, Xuc, Xuc, Xuc, Xuc, Xuc, Xuc, Xuc, Qxu^Xo, Qxu^Xo, Qxu^Xo, Qxu^Xo, Wwf^Bw|, Wwf, Wwf^Bw|, Qxu^Xo, Qxu^Xo, Qxu^Xo, Qxu^Xo, Xuc, Xuc, Xuc, Xuc, Xuc, Xuc, Xuc, Xuc, Xuc, Xuc, Xuc, Xuc, Xuc, Xuc, Xuc, Xuc
Xuc, Xuc, Xuc, Xuc, Xuc, Xuc, Xuc, Xuc, Xuc, Xuc, Xuc, Xuc, Xuc, Xuc, Qxu^Xo, Qxu^Xo, Ai^Ii, Qxu^Xo, Qxu^Xo, Xuc, Ce, Ds^Tfi, Ce, Xuc, Qxu^Xo, Qxu^Xo, Ai^Ii, Qxu^Xo, Qxu^Xo, Xuc, Xuc, Xuc, Xuc, Xuc, Xuc, Xuc, Xuc, Xuc, Xuc, Xuc, Xuc, Xuc, Xuc
Xuc, Xuc, Xuc, Xuc, Xuc, Xuc, Xuc, Xuc, Xuc, Xuc, Gs^Vda, Xuc, Gs^Fds, Xuc, Qxu^Xo, Qxu^Xo, Qxu^Xo, Qxu^Xo, Qxu^Xo, Xuc, Gg^Vwm, Ce, Gg^Vwm, Xuc, Qxu^Xo, Qxu^Xo, Qxu^Xo, Qxu^Xo, Qxu^Xo, Xuc, Gs^Fds, Xuc, Gs^Vda, Xuc, Xuc, Xuc, Xuc, Xuc, Xuc, Xuc, Xuc, Xuc, Xuc
Xuc, Xuc, Xuc, Xuc, Xuc, Xuc, Xuc, Xuc, Xuc, Gs^Tfi, Gs^Fet, Gs, Ss^Bw/, Qxu^Xo, Xuc, Qxu^Xo, Qxu^Xo, Qxu^Xo, Qxu^Xo, Xuc, Ss^Bw|, Gs^Fet, Ss^Bw|, Xuc, Qxu^Xo, Qxu^Xo, Qxu^Xo, Qxu^Xo, Xuc, Qxu^Xo, Ss^Bw\, Gs, Gs^Fet, Gs^Tfi, Xuc, Xuc, Xuc, Xuc, Xuc, Xuc, Xuc, Xuc, Xuc
Xuc, Xuc, Xuc, Xuc, Xuc, Xuc, Xuc, Xuc, Xuc, Gs^Vda, Gs, Ss^Vm, Wwf, Wwf^Bw\, Ce, Xuc, Xuc, Qxu^Xo, Xuc, Qxu^Xo, Wwf^Bw|, Wwrg, Wwf^Bw|, Qxu^Xo, Xuc, Qxu^Xo, Xuc, Xuc, Ce, Wwf^Bw/, Wwf, Ss^Vm, Gs, Gs^Vda, Xuc, Xuc, Xuc, Xuc, Xuc, Xuc, Xuc, Xuc, Xuc
Xuc, Xuc, Xuc, Xuc, Xuc, Xuc, Xuc, Xuc, Xuc, Xuc, Gs^Fds, Ss^Bw|, Wwf^Bw\, Ke, Ce, Gs, Ss^Bw\, Qxu^Xo, Xuc, Xuc, Gs^Vhr, Wwf, Gs^Ve, Xuc, Xuc, Qxu^Xo, Ss^Bw/, Gs, Ce, Ke, Wwf^Bw/, Ss^Bw|, Gs^Fds, Xuc, Xuc, Xuc, Xuc, Xuc, Xuc, Xuc, Xuc, Xuc, Xuc
Xuc, Xuc, Xuc, Xuc, Xuc, Xuc, Xuc, Xuc, Xuc, Xuc, Xuc, Qxu^Xo, Xuc, Ce, Gs, Dd^Vht, Wwrg, Xuc, Qxu^Xo, Xuc, Cud, 3 Kud, Cud, Xuc, Qxu^Xo, Xuc, Wwrg, Dd^Vht, Gs, Ce, Xuc, Qxu^Xo, Xuc, Xuc, Xuc, Xuc, Xuc, Xuc, Xuc, Xuc, Xuc, Xuc, Xuc
Xuc, Xuc, Xuc, Xuc, Xuc, Xuc, Xuc, Xuc, Xuc, Xuc, Qxu^Xo, Qxu^Xo, Qxu^Xo, Xuc, Xuc, Ss^Bw\, Xuc, Xuc, Aa^Fetd, Xuc, Xuc, Cud, Xuc, Xuc, Aa^Fetd, Xuc, Xuc, Ss^Bw/, Xuc, Xuc, Qxu^Xo, Qxu^Xo, Qxu^Xo, Xuc, Xuc, Xuc, Xuc, Xuc, Xuc, Xuc, Xuc, Xuc, Xuc
Xuc, Xuc, Xuc, Xuc, Xuc, Xuc, Xuc, Xuc, Xuc, Qxu^Xo, Qxu^Xo, Qxu^Xo, Qxu^Xo, Qxu^Xo, Qxu^Xo, Qxu^Xo, Xuc, Qxu^Xo, Xuc, Aa, Aa, Xuc, Aa, Aa, Xuc, Qxu^Xo, Xuc, Qxu^Xo, Qxu^Xo, Qxu^Xo, Qxu^Xo, Qxu^Xo, Qxu^Xo, Qxu^Xo, Xuc, Xuc, Xuc, Xuc, Xuc, Xuc, Xuc, Xuc, Xuc
Xuc, Xuc, Xuc, Xuc, Xuc, Xuc, Xuc, Xuc, Xuc, Qxu^Xo, Qxu^Xo, Ai^Ii, Qxu^Xo, Qxu^Xo, Qxu^Xo, Xuc, Xuc, Xuc, Cud, Xuc, Xuc, Ha, Xuc, Xuc, Cud, Xuc, Xuc, Xuc, Qxu^Xo, Qxu^Xo, Qxu^Xo, Ai^Ii, Qxu^Xo, Qxu^Xo, Xuc, Xuc, Xuc, Xuc, Xuc, Xuc, Xuc, Xuc, Xuc
Xuc, Xuc, Xuc, Xuc, Xuc, Xuc, Xuc, Xuc, Xuc, Qxu^Xo, Qxu^Xo, Qxu^Xo, Qxu^Xo, Qxu^Xo, Xuc, Qxu^Xo, Wwf^Bw/, Gs^Vhr, 5 Kud, Cud, Xuc, Aa, Xuc, Cud, 1 Kud, Gs^Vhr, Wwf^Bw\, Qxu^Xo, Xuc, Qxu^Xo, Qxu^Xo, Qxu^Xo, Qxu^Xo, Qxu^Xo, Xuc, Xuc, Xuc, Xuc, Xuc, Xuc, Xuc, Xuc, Xuc
Xuc, Xuc, Xuc, Xuc, Xuc, Xuc, Xuc, Xuc, Xuc, Xuc, Xuc, Qxu^Xo, Xuc, Xuc, Gs^Vwm, Ss^Bw/, Wwrg, Wwf, Gs^Ve, Cud, Xuc, Aa, Xuc, Cud, Gs^Ve, Wwf, Wwrg, Ss^Bw\, Gs^Vwm, Xuc, Xuc, Qxu^Xo, Xuc, Xuc, Xuc, Xuc, Xuc, Xuc, Xuc, Xuc, Xuc, Xuc, Xuc
Xuc, Xuc, Xuc, Xuc, Xuc, Xuc, Xuc, Xuc, Xuc, Xuc, Gs^Fds, Qxu^Xo, Wwf^Bw/, Ce, Ce, Gs^Fet, Ss^Bw/, Wwf^Bw/, Xuc, Xuc, Qxu^Xo, Aa^Fetd, Qxu^Xo, Xuc, Xuc, Wwf^Bw\, Ss^Bw\, Gs^Fet, Ce, Ce, Wwf^Bw\, Qxu^Xo, Gs^Fds, Xuc, Xuc, Xuc, Xuc, Xuc, Xuc, Xuc, Xuc, Xuc, Xuc
Xuc, Xuc, Xuc, Xuc, Xuc, Xuc, Xuc, Xuc, Xuc, Xuc, Ds^Vo, Ss^Bw|, Wwf, Ds^Tfi, Ce, Gs^Vwm, Xuc, Qxu^Xo, Xuc, Xuc, Xuc, Xuc, Xuc, Xuc, Xuc, Qxu^Xo, Xuc, Gs^Vwm, Ce, Ds^Tfi, Wwf, Ss^Bw|, Ds^Vo, Xuc, Xuc, Xuc, Xuc, Xuc, Xuc, Xuc, Xuc, Xuc, Xuc
Xuc, Xuc, Xuc, Xuc, Xuc, Xuc, Xuc, Xuc, Xuc, Co, Co, 2 Ko, Ss^Bw\, Wwf^Bw/, Xuc, Xuc, Qxu^Xo, Qxu^Xo, Qxu^Xo, Qxu^Xo, Ss^Bw|, Wwrg, Ss^Bw|, Qxu^Xo, Qxu^Xo, Qxu^Xo, Qxu^Xo, Xuc, Xuc, Wwf^Bw\, Ss^Bw/, 4 Ko, Co, Co, Xuc, Xuc, Xuc, Xuc, Xuc, Xuc, Xuc, Xuc, Xuc
Xuc, Xuc, Xuc, Xuc, Xuc, Xuc, Xuc, Xuc, Xuc, Gs, Co, Ds^Vo, Gs^Fds, Qxu^Xo, Qxu^Xo, Qxu^Xo, Qxu^Xo, Qxu^Xo, Qxu^Xo, Xuc, Gs, Dd^Vht, Gs, Xuc, Qxu^Xo, Qxu^Xo, Qxu^Xo, Qxu^Xo, Qxu^Xo, Qxu^Xo, Gs^Fds, Ds^Vo, Co, Gs, Xuc, Xuc, Xuc, Xuc, Xuc, Xuc, Xuc, Xuc, Xuc
Xuc, Xuc, Xuc, Xuc, Xuc, Xuc, Xuc, Xuc, Xuc, Xuc, Xuc, Xuc, Xuc, Xuc, Qxu^Xo, Qxu^Xo, Ai^Ii, Qxu^Xo, Qxu^Xo, Xuc, Ce, Ce, Ce, Xuc, Qxu^Xo, Qxu^Xo, Ai^Ii, Qxu^Xo, Qxu^Xo, Xuc, Xuc, Xuc, Xuc, Xuc, Xuc, Xuc, Xuc, Xuc, Xuc, Xuc, Xuc, Xuc, Xuc
Xuc, Xuc, Xuc, Xuc, Xuc, Xuc, Xuc, Xuc, Xuc, Xuc, Xuc, Xuc, Xuc, Xuc, Qxu^Xo, Qxu^Xo, Qxu^Xo, Qxu^Xo, Qxu^Xo, Xuc, Wwf^Bw|, Ke, Wwf^Bw|, Xuc, Qxu^Xo, Qxu^Xo, Qxu^Xo, Qxu^Xo, Qxu^Xo, Xuc, Xuc, Xuc, Xuc, Xuc, Xuc, Xuc, Xuc, Xuc, Xuc, Xuc, Xuc, Xuc, Xuc
Xuc, Xuc, Xuc, Xuc, Xuc, Xuc, Xuc, Xuc, Xuc, Xuc, Xuc, Xuc, Xuc, Xuc, Xuc, Qxu^Xo, Qxu^Xo, Qxu^Xo, Xuc, Qxu^Xo, Ss^Bw\, Wwf, Ss^Bw/, Qxu^Xo, Xuc, Qxu^Xo, Qxu^Xo, Qxu^Xo, Xuc, Xuc, Xuc, Xuc, Xuc, Xuc, Xuc, Xuc, Xuc, Xuc, Xuc, Xuc, Xuc, Xuc, Xuc
Xuc, Xuc, Xuc, Xuc, Xuc, Xuc, Xuc, Xuc, Xuc, Xuc, Xuc, Xuc, Xuc, Xuc, Xuc, Xuc, Xuc, Xuc, Xuc, Gs^Fds, Gs, Ss^Vm, Gs, Gs^Fds, Xuc, Xuc, Xuc, Xuc, Xuc, Xuc, Xuc, Xuc, Xuc, Xuc, Xuc, Xuc, Xuc, Xuc, Xuc, Xuc, Xuc, Xuc, Xuc
Xuc, Xuc, Xuc, Xuc, Xuc, Xuc, Xuc, Xuc, Xuc, Xuc, Xuc, Xuc, Xuc, Xuc, Xuc, Xuc, Xuc, Xuc, Xuc, Xuc, Gs^Vda, Gs^Fet, Gs^Vda, Xuc, Xuc, Xuc, Xuc, Xuc, Xuc, Xuc, Xuc, Xuc, Xuc, Xuc, Xuc, Xuc, Xuc, Xuc, Xuc, Xuc, Xuc, Xuc, Xuc
Xuc, Xuc, Xuc, Xuc, Xuc, Xuc, Xuc, Xuc, Xuc, Xuc, Xuc, Xuc, Xuc, Xuc, Xuc, Xuc, Xuc, Xuc, Xuc, Xuc, Xuc, Gs^Tfi, Xuc, Xuc, Xuc, Xuc, Xuc, Xuc, Xuc, Xuc, Xuc, Xuc, Xuc, Xuc, Xuc, Xuc, Xuc, Xuc, Xuc, Xuc, Xuc, Xuc, Xuc
Xuc, Xuc, Xuc, Xuc, Xuc, Xuc, Xuc, Xuc, Xuc, Xuc, Xuc, Xuc, Xuc, Xuc, Xuc, Xuc, Xuc, Xuc, Xuc, Xuc, Xuc, Xuc, Xuc, Xuc, Xuc, Xuc, Xuc, Xuc, Xuc, Xuc, Xuc, Xuc, Xuc, Xuc, Xuc, Xuc, Xuc, Xuc, Xuc, Xuc, Xuc, Xuc, Xuc
Xuc, Xuc, Xuc, Xuc, Xuc, Xuc, Xuc, Xuc, Xuc, Xuc, Xuc, Xuc, Xuc, Xuc, Xuc, Xuc, Xuc, Xuc, Xuc, Xuc, Xuc, Xuc, Xuc, Xuc, Xuc, Xuc, Xuc, Xuc, Xuc, Xuc, Xuc, Xuc, Xuc, Xuc, Xuc, Xuc, Xuc, Xuc, Xuc, Xuc, Xuc, Xuc, Xuc
Xuc, Xuc, Xuc, Xuc, Xuc, Xuc, Xuc, Xuc, Xuc, Xuc, Xuc, Xuc, Xuc, Xuc, Xuc, Xuc, Xuc, Xuc, Xuc, Xuc, Xuc, Xuc, Xuc, Xuc, Xuc, Xuc, Xuc, Xuc, Xuc, Xuc, Xuc, Xuc, Xuc, Xuc, Xuc, Xuc, Xuc, Xuc, Xuc, Xuc, Xuc, Xuc, Xuc
Xuc, Xuc, Xuc, Xuc, Xuc, Xuc, Xuc, Xuc, Xuc, Xuc, Xuc, Xuc, Xuc, Xuc, Xuc, Xuc, Xuc, Xuc, Xuc, Xuc, Xuc, Xuc, Xuc, Xuc, Xuc, Xuc, Xuc, Xuc, Xuc, Xuc, Xuc, Xuc, Xuc, Xuc, Xuc, Xuc, Xuc, Xuc, Xuc, Xuc, Xuc, Xuc, Xuc
Xuc, Xuc, Xuc, Xuc, Xuc, Xuc, Xuc, Xuc, Xuc, Xuc, Xuc, Xuc, Xuc, Xuc, Xuc, Xuc, Xuc, Xuc, Xuc, Xuc, Xuc, Xuc, Xuc, Xuc, Xuc, Xuc, Xuc, Xuc, Xuc, Xuc, Xuc, Xuc, Xuc, Xuc, Xuc, Xuc, Xuc, Xuc, Xuc, Xuc, Xuc, Xuc, Xuc
Xuc, Xuc, Xuc, Xuc, Xuc, Xuc, Xuc, Xuc, Xuc, Xuc, Xuc, Xuc, Xuc, Xuc, Xuc, Xuc, Xuc, Xuc, Xuc, Xuc, Xuc, Xuc, Xuc, Xuc, Xuc, Xuc, Xuc, Xuc, Xuc, Xuc, Xuc, Xuc, Xuc, Xuc, Xuc, Xuc, Xuc, Xuc, Xuc, Xuc, Xuc, Xuc, Xuc
Xuc, Xuc, Xuc, Xuc, Xuc, Xuc, Xuc, Xuc, Xuc, Xuc, Xuc, Xuc, Xuc, Xuc, Xuc, Xuc, Xuc, Xuc, Xuc, Xuc, Xuc, Xuc, Xuc, Xuc, Xuc, Xuc, Xuc, Xuc, Xuc, Xuc, Xuc, Xuc, Xuc, Xuc, Xuc, Xuc, Xuc, Xuc, Xuc, Xuc, Xuc, Xuc, Xuc
