_off^_usr, _off^_usr, _off^_usr, _off^_usr, _off^_usr, _off^_usr, _off^_usr, _off^_usr, _off^_usr, _off^_usr, _off^_usr, _off^_usr, _off^_usr, _off^_usr, _off^_usr, _off^_usr, _off^_usr, _off^_usr, _off^_usr, _off^_usr, _off^_usr, _off^_usr, _off^_usr, _off^_usr, _off^_usr, _off^_usr, _off^_usr, _off^_usr, _off^_usr, _off^_usr, _off^_usr, _off^_usr, _off^_usr, _off^_usr, _off^_usr, _off^_usr, _off^_usr, _off^_usr, _off^_usr, _off^_usr, Mm^Xm, _off^_usr, _off^_usr, _off^_usr, _off^_usr, _off^_usr
_off^_usr, _off^_usr, _off^_usr, _off^_usr, _off^_usr, _off^_usr, _off^_usr, _off^_usr, _off^_usr, _off^_usr, Mm^Xm, _off^_usr, _off^_usr, _off^_usr, _off^_usr, _off^_usr, _off^_usr, _off^_usr, _off^_usr, _off^_usr, _off^_usr, _off^_usr, _off^_usr, _off^_usr, _off^_usr, _off^_usr, Mm^Xm, _off^_usr, _off^_usr, _off^_usr, _off^_usr, _off^_usr, _off^_usr, _off^_usr, _off^_usr, _off^_usr, _off^_usr, _off^_usr, Mm^Xm, Mm^Xm, Urc^Efs, Mm^Xm, Mm^Xm, _off^_usr, _off^_usr, _off^_usr
_off^_usr, _off^_usr, _off^_usr, _off^_usr, _off^_usr, _off^_usr, _off^_usr, _off^_usr, Mm^Xm, Mm^Xm, Ss^Vhs, Mm^Xm, Mm^Xm, _off^_usr, _off^_usr, _off^_usr, _off^_usr, _off^_usr, _off^_usr, _off^_usr, _off^_usr, _off^_usr, _off^_usr, _off^_usr, Mm^Xm, Mm^Xm, Ss^Vhs, Mm^Xm, Mm^Xm, _off^_usr, _off^_usr, _off^_usr, _off^_usr, _off^_usr, _off^_usr, _off^_usr, _off^_usr, Mm^Xm, Gg^Efm, Urc^Efs, Urc, Urc^Efs, Gg^Efm, Mm^Xm, _off^_usr, _off^_usr
_off^_usr, _off^_usr, _off^_usr, _off^_usr, Mm^Xm, Mm^Xm, Mm^Xm, Mm^Xm, Gs, Ce, 5 Ke, Ce, Ss, Mm^Xm, Mm^Xm, Mm^Xm, Mm^Xm, _off^_usr, _off^_usr, _off^_usr, Mm^Xm, Mm^Xm, Mm^Xm, Mm^Xm, Gs, Ce, 3 Ke, Ce, Ss, Mm^Xm, Mm^Xm, Mm^Xm, Mm^Xm, _off^_usr, _off^_usr, _off^_usr, _off^_usr, Mm^Xm, Gg^Efm, Urc^Efs, Urc, Urc^Efs, Gg^Efm, Mm^Xm, _off^_usr, _off^_usr
_off^_usr, _off^_usr, _off^_usr, Mm^Xm, Xue, Xue, Gs, Gs, Gs, Gs, Ce, Gs, Gs, Ss, Ss, Xu, Xu, Mm^Xm, _off^_usr, Mm^Xm, Xue, Xue, Gs, Gs, Gs, Gs, Ce, Gs, Gs, Ss, Ss, Xu, Xu, Mm^Xm, _off^_usr, _off^_usr, _off^_usr, Mm^Xm, Mm^Xm, Gg^Efm, Rp, Gg^Efm, Mm^Xm, Mm^Xm, _off^_usr, _off^_usr
_off^_usr, _off^_usr, _off^_usr, Mm^Xm, Xue, Xue, Xue, Ss, Ss^Vhs, Re^Tf, Re, Ce, Gs, Gs^Ft, Xu, Xu, Xu, Mm^Xm, _off^_usr, Mm^Xm, Xue, Xue, Xue, Ss, Ss^Vhs, Re^Tf, Re, Ce, Gs, Gs^Ft, Xu, Xu, Xu, Mm^Xm, _off^_usr, _off^_usr, _off^_usr, _off^_usr, Mm^Xm, Gg^Efm, Rp, Gg^Efm, Mm^Xm, _off^_usr, _off^_usr, _off^_usr
_off^_usr, _off^_usr, Mm^Xm, Mm^Xm, Xue, Uu, Xue, Wwf, Wwf, Gs, Gs^Ft, Re, Gs, Hh, Xu, Uu, Xu, Mm^Xm, Mm^Xm, Mm^Xm, Xue, Uu, Xue, Wwf, Wwf, Gs, Gs^Ft, Re, Gs, Hh, Xu, Uu, Xu, Mm^Xm, Mm^Xm, _off^_usr, _off^_usr, _off^_usr, Mm^Xm, Gg^Efm, Rp, Gg^Efm, Mm^Xm, _off^_usr, _off^_usr, _off^_usr
_off^_usr, _off^_usr, Mm^Xm, Xue, Uu, Uh, Xue, Ds, Ww, Ds, Ss, Re, Hh, Gs^Vht, Xu, Uu^Tf, Uu, Xu, Mm^Xm, Xue, Uu, Uh, Xue, Ds, Ww, Ds, Ss, Re, Hh, Gs^Vht, Xu, Uu^Tf, Uu, Xu, Mm^Xm, _off^_usr, _off^_usr, _off^_usr, Mm^Xm, Gg^Efm, Rp, Gg^Efm, Mm^Xm, _off^_usr, _off^_usr, _off^_usr
_off^_usr, _off^_usr, Mm^Xm, Xue, Xue, Xue, Gs, Re^Tf, Wwf, Ss^Vm, Wwf, Ww^Bw|, Wwf, Gs, Gs, Xu, Xu, Xu, Mm^Xm, Xue, Xue, Xue, Gs, Re^Tf, Wwf, Ss^Vm, Wwf, Ww^Bw|, Wwf, Gs, Gs, Xu, Xu, Xu, Mm^Xm, _off^_usr, Mm^Xm, Mm^Xm, Gg^Efm, Gg^Efm, Rp, Gg^Efm, Mm^Xm, _off^_usr, _off^_usr, _off^_usr
_off^_usr, _off^_usr, Mm^Xm, Xue, Gs, Gs, Gg, Gg, Hh, Wwf, Gg, Gg, Wwf, Ds, Wwf, Gs, Gs, Xu, Mm^Xm, Xue, Gs, Gs, Gg, Gg, Hh, Wwf, Gg, Gg, Wwf, Ds, Wwf, Gs, Gs, Xu, Mm^Xm, Mm^Xm, Gg^Efm, Gg^Efm, Rp, Rp, Gg^Efm, Gg^Efm, Mm^Xm, _off^_usr, _off^_usr, _off^_usr
_off^_usr, _off^_usr, Mm^Xm, Gs, Hh, Gg, Gg, Chr, Gs^Fp, Gg, Gg^Vc, Rr, Chw, Ww, Gs^Fp, Ww, Wwf, Ds, Mm^Xm, Gs, Hh, Gg, Gg, Chr, Gs^Fp, Gg, Gg^Vc, Gg, Chw, Ww, Gs^Fp, Ww, Wwf, Ds, Mm^Xm, Gg^Efm, Rp, Rp, Gg^Efm, Gg^Efm, Mm^Xm, Mm^Xm, _off^_usr, _off^_usr, _off^_usr, _off^_usr
_off^_usr, _off^_usr, Mm^Xm, Gs^Fp, Hh^Vhh, Re^Gvs, Mm^Xm, Mm^Xm, Mm^Xm, Mm^Xm, Mm^Xm, Mm^Xm, Mm^Xm, Mm^Xm, Mm^Xm, Gg, Gg, Ww, Mm^Xm, Gs^Fp, Hh^Vhh, Re^Gvs, Mm^Xm, Mm^Xm, Mm^Xm, Mm^Xm, Mm^Xm, Mm^Xm, Mm^Xm, Mm^Xm, Mm^Xm, Gg, Gg, Ww, Mm^Xm, Gg^Efm, Rp, Gg^Efm, Mm^Xm, Mm^Xm, Mm^Xm, Mm^Xm, Mm^Xm, _off^_usr, _off^_usr, _off^_usr
_off^_usr, _off^_usr, Mm^Xm, Gg, Gg, Re^Gvs, Mm^Xm, Gg^Efm, Gg^Efm, Gg^Efm, Mm^Xm, Cud, Cud, Cud, Mm^Xm, Gg^Ve, Gs^Fp, Gg, Mm^Xm, Gg, Gg, Re^Gvs, Mm^Xm, Cud, Cud, Cud, Mm^Xm, Cud, Cud, Cud, Mm^Xm, Gg^Ve, Gs^Fp, Gg, Mm^Xm, Gg^Efm, Rp, Gg^Efm, Mm^Xm, Cud, Cud, Cud, Mm^Xm, _off^_usr, _off^_usr, _off^_usr
_off^_usr, _off^_usr, Mm^Xm, Wwf, Wwf, Gg, Mm^Xm, Gg^Efm, Ch, Gg^Efm, Mm^Xm, Aa^Fpa, Ai, Aa^Vha, Mm^Xm, Hh, Rr, Rr, Mm^Xm, Wwf, Wwf, Gg, Mm^Xm, Aa, Aa^Fpa, Aa, Mm^Xm, Aa^Fpa, Ai, Aa^Vha, Mm^Xm, Hh, Rr, Rr, Mm^Xm, Gg^Efm, Rp, Gg^Efm, Mm^Xm, Aa, Aa^Fpa, Aa, Mm^Xm, _off^_usr, _off^_usr, _off^_usr
_off^_usr, _off^_usr, Mm^Xm, Ai, Wo, Gg, Mm^Xm, Gg^Efm, Rrc, Gg^Efm, Mm^Xm, Ai, Wwf, Ai, Mm^Xm, Gg, Gg, Chw, Mm^Xm, Ai, Wo, Gg, Mm^Xm, Ai, Ai, Ha, Mm^Xm, Ai, Wwf, Ai, Mm^Xm, Gg, Gg, Chw, Mm^Xm, Gg^Efm, Ww^Bsb|, Gg^Efm, Mm^Xm, Ai, Ai, Ha, Mm^Xm, _off^_usr, _off^_usr, _off^_usr
_off^_usr, _off^_usr, Mm^Xm, Aa^Vea, Ai, Ww, Mm^Xm, Ww, Ww^Bsb|, Ww, Mm^Xm, Ww, Gg, Ww, Mm^Xm, Ww, Wwf, Ww, Mm^Xm, Aa^Vea, Ai, Ww, Mm^Xm, Ww, Wo, Aa^Vea, Mm^Xm, Ww, Gg, Ww, Mm^Xm, Ww, Wwf, Ww, Mm^Xm, Ww, Rrc, Ww, Mm^Xm, Ww, Wo, Aa^Vea, Mm^Xm, _off^_usr, _off^_usr, _off^_usr
_off^_usr, _off^_usr, Mm^Xm, Ha, Aa^Fpa, Ai, Mm^Xm, Gg^Efm, Rp, Gg^Efm, Mm^Xm, Chw, Rr, Gg, Mm^Xm, Ai, Ai, Ai, Mm^Xm, Ha, Aa^Fpa, Ai, Mm^Xm, Gg, Wwf, Ai, Mm^Xm, Chw, Rr, Gg, Mm^Xm, Ai, Ai, Ai, Mm^Xm, Gg^Efm, Ch, Gg^Efm, Mm^Xm, Gg, Wwf, Ai, Mm^Xm, _off^_usr, _off^_usr, _off^_usr
_off^_usr, _off^_usr, Mm^Xm, Aa, Cud, Aa, Mm^Xm, Gg^Efm, Rp, Gg^Efm, Mm^Xm, Rr, Gs^Fp, Hh, Mm^Xm, Aa^Vha, Cud, Aa^Fpa, Mm^Xm, Aa, Cud, Aa, Mm^Xm, Gg, Gg, Wwf, Mm^Xm, Rr, Gs^Fp, Hh, Mm^Xm, Aa^Vha, Cud, Aa^Fpa, Mm^Xm, Gg^Efm, Gg^Efm, Gg^Efm, Mm^Xm, Gg, Gg, Wwf, Mm^Xm, _off^_usr, _off^_usr, _off^_usr
_off^_usr, _off^_usr, Mm^Xm, Cud, Mm^Xm, Cud, Mm^Xm, Gg^Efm, Rp, Gg^Efm, Mm^Xm, Gg, Gg, Gg^Ve, Mm^Xm, Cud, Mm^Xm, Cud, Mm^Xm, Cud, Mm^Xm, Cud, Mm^Xm, Re^Gvs, Hh^Vhh, Gg, Mm^Xm, Gg, Gg, Gg^Ve, Mm^Xm, Cud, Mm^Xm, Cud, Mm^Xm, Gg^Efm, Mm^Xm, Gg^Efm, Mm^Xm, Re^Gvs, Hh^Vhh, Gg, Mm^Xm, _off^_usr, _off^_usr, _off^_usr
_off^_usr, _off^_usr, _off^_usr, Mm^Xm, Mm^Xm, Mm^Xm, Gg^Efm, Gg^Efm, Rp, Gg^Efm, Mm^Xm, Ww, Wwf, Gg, Gs^Fp, Mm^Xm, Chw, Mm^Xm, Gg^Vc, Mm^Xm, Gs^Fp, Mm^Xm, Gg, Re^Gvs, Hh, Gs^Fp, Mm^Xm, Ww, Wwf, Gg, Gs^Fp, Mm^Xm, Chw, Mm^Xm, Gg^Vc, Mm^Xm, Gs^Fp, Mm^Xm, Gg, Re^Gvs, Hh, Gs^Fp, Mm^Xm, _off^_usr, _off^_usr, _off^_usr
_off^_usr, _off^_usr, Mm^Xm, Mm^Xm, Gg^Efm, Gg^Efm, Rp, Rp, Gg^Efm, Gg^Efm, Mm^Xm, Ds, Gs, Ww, Wwf, Ww, Wwf, Rr, Gg, Gg, Hh, Chr, Gg, Gg, Gs, Gs, Mm^Xm, Ds, Gs, Ww, Wwf, Ww, Wwf, Rr, Gg, Gg, Hh, Chr, Gg, Gg, Gs, Gs, Mm^Xm, _off^_usr, _off^_usr, _off^_usr
_off^_usr, _off^_usr, Mm^Xm, Gg^Efm, Rp, Rp, Gg^Efm, Gg^Efm, Mm^Xm, Mm^Xm, Mm^Xm, Xu, Xu, Gs, Gs, Ds, Wwf, Gg, Wwf, Wwf, Wwf, Gg, Gs, Gs, Xue, Xue, Mm^Xm, Xu, Xu, Gs, Gs, Ds, Wwf, Gg, Wwf, Wwf, Wwf, Gg, Gs, Gs, Xue, Xue, Mm^Xm, _off^_usr, _off^_usr, _off^_usr
_off^_usr, _off^_usr, Mm^Xm, Gg^Efm, Rp, Gg^Efm, Mm^Xm, Mm^Xm, _off^_usr, _off^_usr, Mm^Xm, Xu, Uu, Xu, Xu, Gs, Hh, Ww^Bw|, Ss, Ss^Vm, Ww, Re^Tf, Xue, Xue, Uu, Xue, Mm^Xm, Xu, Uu, Xu, Xu, Gs, Hh, Ww^Bw|, Ss, Ss^Vm, Ww, Re^Tf, Xue, Xue, Uu, Xue, Mm^Xm, _off^_usr, _off^_usr, _off^_usr
_off^_usr, _off^_usr, Mm^Xm, Gg^Efm, Rp, Gg^Efm, Mm^Xm, _off^_usr, _off^_usr, _off^_usr, Mm^Xm, Xu, Xu, Uu^Tf, Xu, Gs^Vht, Gs, Re, Gs^Ft, Ds, Wwf, Ds, Xue, Uh, Xue, Xue, Mm^Xm, Xu, Xu, Uu^Tf, Xu, Gs^Vht, Gs, Re, Gs^Ft, Ds, Wwf, Ds, Xue, Uh, Xue, Xue, Mm^Xm, _off^_usr, _off^_usr, _off^_usr
_off^_usr, _off^_usr, Mm^Xm, Gg^Efm, Rp, Gg^Efm, Mm^Xm, _off^_usr, _off^_usr, _off^_usr, _off^_usr, Mm^Xm, Xu, Uu, Xu, Hh, Gs, Re, Re, Gs, Ss^Vhs, Wwf, Xue, Uu, Xue, Mm^Xm, _off^_usr, Mm^Xm, Xu, Uu, Xu, Hh, Gs, Re, Re, Gs, Ss^Vhs, Wwf, Xue, Uu, Xue, Mm^Xm, _off^_usr, _off^_usr, _off^_usr, _off^_usr
_off^_usr, _off^_usr, Mm^Xm, Gg^Efm, Rp, Gg^Efm, Mm^Xm, _off^_usr, _off^_usr, _off^_usr, _off^_usr, Mm^Xm, Xu, Xu, Ss, Gs^Ft, Gs, Ce, Ce, Re^Tf, Gs, Ss, Gs, Xue, Xue, Mm^Xm, _off^_usr, Mm^Xm, Xu, Xu, Ss, Gs^Ft, Gs, Ce, Ce, Re^Tf, Gs, Ss, Gs, Xue, Xue, Mm^Xm, _off^_usr, _off^_usr, _off^_usr, _off^_usr
_off^_usr, Mm^Xm, Gg^Efm, Gg^Efm, Urc, Gg^Efm, Gg^Efm, Mm^Xm, _off^_usr, _off^_usr, _off^_usr, Mm^Xm, Mm^Xm, Xu, Mm^Xm, Ss, Ss, Gs, 2 Ke, Gs, Gs, Gs, Mm^Xm, Xue, Mm^Xm, Mm^Xm, _off^_usr, Mm^Xm, Mm^Xm, Xu, Mm^Xm, Ss, Ss, Gs, 4 Ke, Gs, Gs, Gs, Mm^Xm, Xue, Mm^Xm, Mm^Xm, _off^_usr, _off^_usr, _off^_usr, _off^_usr
_off^_usr, Mm^Xm, Gg^Efm, Urc^Efs, 1 Urc, Urc^Efs, Gg^Efm, Mm^Xm, _off^_usr, _off^_usr, _off^_usr, _off^_usr, _off^_usr, Mm^Xm, _off^_usr, Mm^Xm, Mm^Xm, Ce, Ss^Vhs, Ce, Mm^Xm, Mm^Xm, _off^_usr, Mm^Xm, _off^_usr, _off^_usr, _off^_usr, _off^_usr, _off^_usr, Mm^Xm, _off^_usr, Mm^Xm, Mm^Xm, Ce, Ss^Vhs, Ce, Mm^Xm, Mm^Xm, _off^_usr, Mm^Xm, _off^_usr, _off^_usr, _off^_usr, _off^_usr, _off^_usr, _off^_usr
_off^_usr, Mm^Xm, Mm^Xm, Urc^Efs, Urc^Efs, Urc^Efs, Mm^Xm, Mm^Xm, _off^_usr, _off^_usr, _off^_usr, _off^_usr, _off^_usr, _off^_usr, _off^_usr, _off^_usr, _off^_usr, Mm^Xm, Mm^Xm, Mm^Xm, _off^_usr, _off^_usr, _off^_usr, _off^_usr, _off^_usr, _off^_usr, _off^_usr, _off^_usr, _off^_usr, _off^_usr, _off^_usr, _off^_usr, _off^_usr, Mm^Xm, Mm^Xm, Mm^Xm, _off^_usr, _off^_usr, _off^_usr, _off^_usr, _off^_usr, _off^_usr, _off^_usr, _off^_usr, _off^_usr, _off^_usr
_off^_usr, _off^_usr, _off^_usr, Mm^Xm, Mm^Xm, Mm^Xm, _off^_usr, _off^_usr, _off^_usr, _off^_usr, _off^_usr, _off^_usr, _off^_usr, _off^_usr, _off^_usr, _off^_usr, _off^_usr, _off^_usr, _off^_usr, _off^_usr, _off^_usr, _off^_usr, _off^_usr, _off^_usr, _off^_usr, _off^_usr, _off^_usr, _off^_usr, _off^_usr, _off^_usr, _off^_usr, _off^_usr, _off^_usr, _off^_usr, _off^_usr, _off^_usr, _off^_usr, _off^_usr, _off^_usr, _off^_usr, _off^_usr, _off^_usr, _off^_usr, _off^_usr, _off^_usr, _off^_usr
